// Jest Snapshot v1, https://goo.gl/fbAQLP

exports[`logger 1`] = `
Array [
  Object {
    "dataEntry": "data value trace",
    "durationMs": 117,
    "hostname": "<hostname placeholder>",
    "level": 10,
    "msg": "String label",
    "name": "test-log",
    "pid": 9001,
    "prettyDuration": "<duration placeholder>",
    "time": 2012-01-01T00:00:00.000Z,
    "v": 0,
  },
  Object {
    "dataEntry": "data value debug",
    "durationMs": 117,
    "hostname": "<hostname placeholder>",
    "level": 20,
    "msg": "String label",
    "name": "test-log",
    "pid": 9001,
    "prettyDuration": "<duration placeholder>",
    "time": 2012-01-01T00:00:00.000Z,
    "v": 0,
  },
  Object {
    "dataEntry": "data value info",
    "durationMs": 117,
    "hostname": "<hostname placeholder>",
    "level": 30,
    "msg": "String label",
    "name": "test-log",
    "pid": 9001,
    "prettyDuration": "<duration placeholder>",
    "time": 2012-01-01T00:00:00.000Z,
    "v": 0,
  },
  Object {
    "dataEntry": "data value warn",
    "durationMs": 117,
    "hostname": "<hostname placeholder>",
    "level": 40,
    "msg": "String label",
    "name": "test-log",
    "pid": 9001,
    "prettyDuration": "<duration placeholder>",
    "time": 2012-01-01T00:00:00.000Z,
    "v": 0,
  },
  Object {
    "dataEntry": "data value error",
    "durationMs": 117,
    "hostname": "<hostname placeholder>",
    "level": 50,
    "msg": "String label",
    "name": "test-log",
    "pid": 9001,
    "prettyDuration": "<duration placeholder>",
    "time": 2012-01-01T00:00:00.000Z,
    "v": 0,
  },
  Object {
    "dataEntry": "data value fatal",
    "durationMs": 117,
    "hostname": "<hostname placeholder>",
    "level": 60,
    "msg": "String label",
    "name": "test-log",
    "pid": 9001,
    "prettyDuration": "<duration placeholder>",
    "time": 2012-01-01T00:00:00.000Z,
    "v": 0,
  },
  Object {
    "durationMs": 117,
    "hostname": "<hostname placeholder>",
    "level": 30,
    "msg": "Starting phase name",
    "name": "test-log",
    "pid": 9001,
    "prettyDuration": "<duration placeholder>",
    "time": 2012-01-01T00:00:00.000Z,
    "v": 0,
  },
  Object {
    "durationMs": 117,
    "hostname": "<hostname placeholder>",
    "level": 30,
    "msg": "In progress: phase name",
    "name": "test-log",
    "pid": 9001,
    "prettyDuration": "<duration placeholder>",
    "substep": 1,
    "time": 2012-01-01T00:00:00.000Z,
    "v": 0,
  },
  Object {
    "durationMs": 117,
    "hostname": "<hostname placeholder>",
    "level": 30,
    "msg": "In progress: phase name",
    "name": "test-log",
    "pid": 9001,
    "prettyDuration": "<duration placeholder>",
    "substep": 2,
    "time": 2012-01-01T00:00:00.000Z,
    "v": 0,
  },
  Object {
    "additional": "metadata",
    "durationMs": 117,
    "hostname": "<hostname placeholder>",
    "level": 30,
    "msg": "Completed phase name",
    "name": "test-log",
    "pid": 9001,
    "prettyDuration": "<duration placeholder>",
    "time": 2012-01-01T00:00:00.000Z,
    "v": 0,
  },
]
`;
