// Jest Snapshot v1, https://goo.gl/fbAQLP

exports[`logger 1`] = `
Array [
  Object {
    "dataEntry": "data value trace",
    "hostname": "Nick-MBP-2020",
    "level": 10,
    "msg": "String label",
    "name": "test-log",
    "pid": 44408,
    "time": 2020-09-20T01:38:24.359Z,
    "v": 0,
  },
  Object {
    "dataEntry": "data value debug",
    "hostname": "Nick-MBP-2020",
    "level": 20,
    "msg": "String label",
    "name": "test-log",
    "pid": 44408,
    "time": 2020-09-20T01:38:24.359Z,
    "v": 0,
  },
  Object {
    "dataEntry": "data value info",
    "hostname": "Nick-MBP-2020",
    "level": 30,
    "msg": "String label",
    "name": "test-log",
    "pid": 44408,
    "time": 2020-09-20T01:38:24.359Z,
    "v": 0,
  },
  Object {
    "dataEntry": "data value warn",
    "hostname": "Nick-MBP-2020",
    "level": 40,
    "msg": "String label",
    "name": "test-log",
    "pid": 44408,
    "time": 2020-09-20T01:38:24.359Z,
    "v": 0,
  },
  Object {
    "dataEntry": "data value error",
    "hostname": "Nick-MBP-2020",
    "level": 50,
    "msg": "String label",
    "name": "test-log",
    "pid": 44408,
    "time": 2020-09-20T01:38:24.359Z,
    "v": 0,
  },
  Object {
    "dataEntry": "data value fatal",
    "hostname": "Nick-MBP-2020",
    "level": 60,
    "msg": "String label",
    "name": "test-log",
    "pid": 44408,
    "time": 2020-09-20T01:38:24.359Z,
    "v": 0,
  },
  Object {
    "hostname": "Nick-MBP-2020",
    "level": 30,
    "msg": "Starting phase name",
    "name": "test-log",
    "pid": 44408,
    "time": 2020-09-20T01:38:24.360Z,
    "v": 0,
  },
  Object {
    "durationMs": 12,
    "hostname": "Nick-MBP-2020",
    "level": 30,
    "msg": "In progress: phase name",
    "name": "test-log",
    "pid": 44408,
    "prettyDuration": "12ms",
    "substep": 1,
    "time": 2020-09-20T01:38:24.373Z,
    "v": 0,
  },
  Object {
    "durationMs": 23,
    "hostname": "Nick-MBP-2020",
    "level": 30,
    "msg": "In progress: phase name",
    "name": "test-log",
    "pid": 44408,
    "prettyDuration": "23ms",
    "substep": 2,
    "time": 2020-09-20T01:38:24.383Z,
    "v": 0,
  },
  Object {
    "additional": "metadata",
    "durationMs": 24,
    "hostname": "Nick-MBP-2020",
    "level": 30,
    "msg": "Completed phase name",
    "name": "test-log",
    "pid": 44408,
    "prettyDuration": "24ms",
    "time": 2020-09-20T01:38:24.384Z,
    "v": 0,
  },
]
`;
